Rename dialog - Do not allow save valid files if fields have missing values
Rename dialog - Automatically add missing fields into config files
Rename dialog - Error saving !
Rename dialog - Button "No" isn't working
Rename dialog - Are you sure? -> Horrible dialog
